!***************  PROJECT CONTRIBUTION  ******************************************************** 

!*** Special entries from eclipse

plugin@org.eclipse.test=v20070226,:pserver:anonymous@dev.eclipse.org:/cvsroot/eclipse,
fragment@org.eclipse.ant.optional.junit=v20050226,:pserver:anonymous@dev.eclipse.org:/cvsroot/eclipse,

!*** Project's plugins, features and fragments

!***DOCUMENTAION
feature@org.eclipse.emf.mwe.doc=HEAD,:pserver:anonymous@dev.eclipse.org:/cvsroot/modeling,,org.eclipse.emf/org.eclipse.emf.mwe/doc/org.eclipse.emf.mwe.doc-feature
plugin@org.eclipse.emf.mwe.doc=HEAD,:pserver:anonymous@dev.eclipse.org:/cvsroot/modeling,,org.eclipse.emf/org.eclipse.emf.mwe/doc/org.eclipse.emf.mwe.doc

!***EXAMPLES
feature@org.eclipse.emf.mwe.examples=HEAD,:pserver:anonymous@dev.eclipse.org:/cvsroot/modeling,,org.eclipse.emf/org.eclipse.emf.mwe/examples/org.eclipse.emf.mwe.examples-feature
plugin@org.eclipse.emf.mwe.examples=HEAD,:pserver:anonymous@dev.eclipse.org:/cvsroot/modeling,,org.eclipse.emf/org.eclipse.emf.mwe/examples/org.eclipse.emf.mwe.examples

!***TESTS
feature@org.eclipse.emf.mwe.tests=HEAD,:pserver:anonymous@dev.eclipse.org:/cvsroot/modeling,,org.eclipse.emf/org.eclipse.emf.mwe/tests/org.eclipse.emf.mwe.tests-feature
plugin@org.eclipse.emf.mwe.tests=HEAD,:pserver:anonymous@dev.eclipse.org:/cvsroot/modeling,,org.eclipse.emf/org.eclipse.emf.mwe/tests/org.eclipse.emf.mwe.tests

!***FEATURES
feature@org.eclipse.emf.mwe.core=HEAD,:pserver:anonymous@dev.eclipse.org:/cvsroot/modeling,,org.eclipse.emf/org.eclipse.emf.mwe/features/org.eclipse.emf.mwe.core-feature
feature@org.eclipse.emf.mwe.ui=HEAD,:pserver:anonymous@dev.eclipse.org:/cvsroot/modeling,,org.eclipse.emf/org.eclipse.emf.mwe/features/org.eclipse.emf.mwe.ui-feature
feature@org.eclipse.emf.mwe.sdk=HEAD,:pserver:anonymous@dev.eclipse.org:/cvsroot/modeling,,org.eclipse.emf/org.eclipse.emf.mwe/features/org.eclipse.emf.mwe.sdk-feature

!***PLUGINS
plugin@org.eclipse.emf.mwe.core=HEAD,:pserver:anonymous@dev.eclipse.org:/cvsroot/modeling,,org.eclipse.emf/org.eclipse.emf.mwe/plugins/org.eclipse.emf.mwe.core
plugin@org.eclipse.emf.mwe.utils=HEAD,:pserver:anonymous@dev.eclipse.org:/cvsroot/modeling,,org.eclipse.emf/org.eclipse.emf.mwe/plugins/org.eclipse.emf.mwe.utils

plugin@org.eclipse.emf.mwe.activities=HEAD,:pserver:anonymous@dev.eclipse.org:/cvsroot/modeling,,org.eclipse.emf/org.eclipse.emf.mwe/plugins/org.eclipse.emf.mwe.activities
plugin@org.eclipse.emf.mwe.ui=HEAD,:pserver:anonymous@dev.eclipse.org:/cvsroot/modeling,,org.eclipse.emf/org.eclipse.emf.mwe/plugins/org.eclipse.emf.mwe.ui
plugin@org.eclipse.emf.mwe.ui.simpleEditor=HEAD,:pserver:anonymous@dev.eclipse.org:/cvsroot/modeling,,org.eclipse.emf/org.eclipse.emf.mwe/plugins/org.eclipse.emf.mwe.ui.simpleEditor
plugin@org.eclipse.emf.mwe.ui.editor=HEAD,:pserver:anonymous@dev.eclipse.org:/cvsroot/modeling,,org.eclipse.emf/org.eclipse.emf.mwe/plugins/org.eclipse.emf.mwe.ui.editor
!*** REMOVED WTP BECAUSE OF BROKEN WTP IN MAINTANANCE!!! plugin@org.eclipse.emf.mwe.ui.wtpEditor=HEAD,:pserver:anonymous@dev.eclipse.org:/cvsroot/modeling,,org.eclipse.emf/org.eclipse.emf.mwe/plugins/org.eclipse.emf.mwe.ui.wtpEditor

